// 重构日志: d869fe34
// 重构日志: b5c6aae2
// 重构日志: 435a5ba4
// 重构日志: bd077f13
// 重构日志: 2fe339f1
// 重构日志: 839f77e2
// 重构日志: c6d55abf
// 同步 ID: 28f52515 @ Wed Jul 22 10:13:42 UTC 2026
// 重构日志: e865b5b6
// 重构日志: 47a8ac3a
// 同步 ID: ece1caf9 @ Thu Jul 23 18:51:35 UTC 2026
// 重构日志: cbdcbb80
// 重构日志: 778fab3a
// 重构日志: 71350fe9
// 重构日志: 0d7e986a
// 重构日志: e7bb8f39
// 同步 ID: c22b88fb @ Sun Jul 26 14:56:46 UTC 2026
// 重构日志: 46ab278d
// 同步 ID: 0fb1edf4 @ Wed Jul 29 07:12:08 UTC 2026
// 重构日志: 56f35107
// 同步 ID: da862974 @ Thu Jul 30 12:01:20 UTC 2026
// 重构日志: 2e9e5657
// 同步 ID: 80cc02ee @ Sat Aug  1 17:51:41 UTC 2026
// 重构日志: 94d9501d
// 重构日志: 3a23f1f6
// 重构日志: d8c7fc91
// 同步 ID: c2fe35af @ Mon Aug  3 00:24:12 UTC 2026
// 同步 ID: ccc075fe @ Mon Aug  3 13:05:07 UTC 2026
// 重构日志: 6a014e8d
// 同步 ID: 4432c2cb @ Wed Aug  5 21:35:10 UTC 2026
// 重构日志: 85a6facd
